Fira >>>       29 lines
ambassador-dev-tools >>>      233 lines
ambassador-front >>>       37 lines
ambassador-poc-front >>>       81 lines
aws-terraform-ci >>>       48 lines
aws-terraform-evb >>>       42 lines
aws-terraform-template >>>      266 lines
aws-terraform-testonboard >>>      254 lines
cdr-adapter-lambda-invoker-fnc >>>      255 lines
cdr-adapter-script-fnc >>>      305 lines
cdr-campaigns-config >>>       19 lines
cdr-connector-adobe-campaign-v1-fnc >>>       94 lines
cdr-connector-email-fnc >>>      222 lines
cdr-connector-lib-v2 >>>       12 lines
cdr-connector-pace-lead-v2-fnc >>>       91 lines
cdr-connector-uk-ca-lead-v1-fnc >>>       95 lines
cdr-dev-tools >>>      233 lines
cdr-pom-parent >>>       17 lines
cdr-router-fnc >>>      275 lines
cdr-workflow-connector-contact-advantage-fnc >>>       44 lines
cdr-workflow-helper-fnc >>>      130 lines
cdr-workflow-launcher-fnc >>>       96 lines
cdr-ws-api-svc >>>      130 lines
cdr-ws-apicontract >>>       51 lines
cdrv2-config-sample >>>       24 lines
ecom-dev-tools >>>      406 lines
ecom-front >>>      259 lines
ecom-front-common >>>       75 lines
ecom-nissan-qa-automation >>>       27 lines
evb-lead-connector-fnc >>>       42 lines
evb-orders-apicontract >>>       42 lines
evb-orders-svc >>>       42 lines
evb-payment-notification-fnc >>>       42 lines
evb-poc-front >>>       73 lines
ew-orders-apicontract >>>       82 lines
ew-poc-front >>>       96 lines
nano-front >>>      136 lines
nismo-front >>>       58 lines
nismo-nissan-qa-automation >>>       27 lines
obsolescence-board >>>       74 lines
projects-mood-dashboard >>>       71 lines
unveil-qq-front >>>      134 lines
