Fira
MagicMirror
MagicMirror/modules/MMM-DateCounter
admin-console-cdr-module
ambassador-dev-tools
ambassador-front
ambassador-poc-front
aws-terraform-ambassador
aws-terraform-cdr
aws-terraform-ci
aws-terraform-cicd
aws-terraform-evb
aws-terraform-ew
aws-terraform-nano
aws-terraform-qq-unveil
aws-terraform-template
aws-terraform-testonboard
cdr-adapter-lambda-invoker-fnc
cdr-adapter-script-fnc
cdr-campaigns-config
cdr-connector-adobe-campaign-v1-fnc
cdr-connector-email-fnc
cdr-connector-lib-v2
cdr-connector-pace-lead-v2-fnc
cdr-connector-uk-ca-lead-v1-fnc
cdr-dev-tools
cdr-pom-lambda
cdr-pom-parent
cdr-router-fnc
cdr-workflow-connector-contact-advantage-fnc
cdr-workflow-helper-fnc
cdr-workflow-launcher-fnc
cdr-ws-api-svc
cdr-ws-apicontract
cdrv2-config-sample
chatai-front
ecom-dev-tools
ecom-front
ecom-front-common
ecom-nissan-qa-automation
evb-lead-connector-fnc
evb-orders-apicontract
evb-orders-svc
evb-payment-notification-fnc
evb-poc-front
ew-csv-s3-to-dynamo-lambda
ew-orders-apicontract
ew-orders-svc
ew-payment-notification-fnc
ew-poc-front
infra-bitbucket-repository-creator
interstar-files-from-ftp-to-s3
inventory-dealer-files-from-ftp-to-s3
kohlanta-front
mainboard
mainboard-frontend
mainboard-v2
nano-front
nismo-3d
nismo-front
nismo-nissan-qa-automation
obsolescence-board
onboard-lambda-fnc
projects-mood-dashboard
rzf_onboarding
unveil-qq-front
