ai-chatbot-config-files
ai-log-writer-fnc
aws-terraform-ambassador
aws-terraform-cdr
aws-terraform-ci
aws-terraform-cicd
aws-terraform-evb
aws-terraform-ew
aws-terraform-nano
aws-terraform-next-boilerplate
aws-terraform-qq-unveil
aws-terraform-template
aws-terraform-testonboard
chatbot-ai-helper
chatai-front
chatai-headless-poc
ecom-dev-tools
infra-bitbucket-repository-creator
interstar-back
interstar-files-from-ftp-to-s3
inventory-dealer-files-from-ftp-to-s3
mainboard-v2
mainboard-v2-backend
nano-front
nismo-3d
nismo-front
nismo-nissan-qa-automation
obsolescence-board
onboard-lambda-fnc
patrol-vlp-front
projects-mood-dashboard
rzf_onboarding
unveil-qq-front
