aws-adfs-login
CLOUDFORMATION/cloudformation-sample
DTAAS/maskcentral
infraAsCode/haproxy-configuration-horsprod
infraAsCode/haproxy-configuration-prod
infraAsCode/haproxy-templates-horsprod
infraAsCode/keepalived-configuration-horsprod
infraAsCode/orgaAsCode
infraAsCode/puppet-configuration-horsprod
infraAsCode/puppet-configuration-prod
infraAsCode/rundeck-configuration-horsprod
infraAsCode/rundeck-configuration-prod
infraAsCode/yaml_hors_prod
infraAsCode/yaml_prod
INVICTUS/ad-common
KATANA/katana
KATE/ansible-playbooks
LABEL-OPS/ops_quality
OPP/aws-cloud-automations
OPP/hesperides-lfo
OPP/lz-deployer-role
OPP/make-migration-easier
OPP/med
OPP/opp-tools
OPP/opp-vault
OPP/SNC-Pipeline
OPP/SNC-Puppet
OPP/xyz-deploy
OPP/xyz-jmeter
OPP/xyz-ops
OPP/xyz-terraform
PAO/aws-cf-configuration
PAO/aws_tools
PAO/pao-tools-hesperides
PAO/pratiques
PUPPET/modules_applicatifs
PUPPET/vsct_apache
PUPPET/vsct_artifactory
PUPPET/vsct_cloudwatch
PUPPET/vsct_docker
PUPPET/vsct_gitlab
PUPPET/vsct_jenkins
PUPPET/vsct_rundeck
TAC/tac-iac
TAC/test-automatisation
TEAM_OPS/handbook
TEAM_OPS/runbook
TEAM_OPS/tools
TEAM_OPS/welcome